Help.are
version.are
HelpGroups.are
Socials.are
HelpRomXania.are
ImmortalZone.are
Limbo.are
SmurfVillage.are
PlainsOfTheNorth.are
NewOfcol.are
Olympus.are
Heavens.are
Shire.are
HighTowerOfSorcery.are
GnomeVillage.are
WyvernTower.are
DwarvenCatacombs.are
DangerousNeighbourhood.are
DragonTower.are
KeepOfMahnTor.are
TrollsDen.are
Midgaard.are
ChapelCatacombs.are
Midennir.are
Graveyard.are
MudSchool.are
Moria.are
SandsOfSorrow.are
DrowCity.are
Thalos.are
OldThalos.are
Ofcol.are
HaonDor.are
Arachnos.are
DwarvenKingdom.are
DwarvenDaycare.are
Sewer.are
ValleyOfTheElves.are
RedfernesResidence.are
MegaCityOne.are
OldMarsh.are
MachineDreams.are
HolyGrove.are
Nirvana.are
DylansWilderness.are
ElementalCanyon.are
Galaxy.are
MobFactory.are
NewThalos.are
Seminary.are
Penthouse.are
Sethanon.are
DragonCult.are
CiqualasLair.are
UnderDark.are
CrystalmirLake.are
Yggdrasil.are
DescentToHell.are
WolfPointe.are
UruksFortress.are
Ultima.are
AstralPlane.are
Imladris.are
MosEisley.are
Dell.are
StrangeWorld.are
DenOfMonsters.are
FlyingCitadel.are
Japan.are
WeddingRites.are
EnchantedForest.are
TempleOfTheGreatWyrm.are
LoreKeep.are
HelpClans.are
KingdomOfJuargan.are
FireNewtMountain.are
Camelot.are
Valkyrie.are
$
